// Jest Snapshot v1, https://goo.gl/fbAQLP

exports[`<Loading /> should be rendered correctly 1`] = `
<div
  className="lds-roller"
>
  <div />
  <div />
  <div />
  <div />
  <div />
  <div />
  <div />
  <div />
</div>
`;
